This is pdfTeX, Version 3.141592653-2.6-1.40.29 (MiKTeX 26.5) (preloaded format=pdflatex 2026.9.24)  24 SEP 2026 11:31
entering extended mode
 restricted \write18 enabled.
 file:line:error style messages enabled.
 %&-line parsing enabled.
**c:/workspace/EAGLE/WP2_3_software_and_data_comparison.tex
(c:/workspace/EAGLE/WP2_3_software_and_data_comparison.tex
LaTeX2e <2026-06-01>
L3 programming layer <2026-08-10>
(C:\Program Files\MiKTeX\tex/latex/base\article.cls
Document Class: article 2025/01/22 v1.4n Standard LaTeX document class
(C:\Program Files\MiKTeX\tex/latex/base\size10.clo
File: size10.clo 2025/01/22 v1.4n Standard LaTeX file (size option)
)
\c@part=\count276
\c@section=\count277
\c@subsection=\count278
\c@subsubsection=\count279
\c@paragraph=\count280
\c@subparagraph=\count281
\c@figure=\count282
\c@table=\count283
\abovecaptionskip=\skip49
\belowcaptionskip=\skip50
\bibindent=\dimen150
) (C:\Program Files\MiKTeX\tex/latex/base\inputenc.sty
Package: inputenc 2024/02/08 v1.3d Input encoding file
\inpenc@prehook=\toks17
\inpenc@posthook=\toks18
) (C:\Program Files\MiKTeX\tex/latex/base\fontenc.sty
Package: fontenc 2025/07/18 v2.1d Standard LaTeX package
) (C:\Program Files\MiKTeX\tex/latex/geometry\geometry.sty
Package: geometry 2026/03/07 v6.0 Page Geometry
 (C:\Program Files\MiKTeX\tex/latex/graphics\keyval.sty
Package: keyval 2026-05-17 v1.15 key=value parser (DPC)
\KV@toks@=\toks19
) (C:\Program Files\MiKTeX\tex/generic/iftex\ifvtex.sty
Package: ifvtex 2019/10/25 v1.7 ifvtex legacy package. Use iftex instead.
 (C:\Program Files\MiKTeX\tex/generic/iftex\iftex.sty
Package: iftex 2024/12/12 v1.0g TeX engine tests
))
\Gm@cnth=\count284
\Gm@cntv=\count285
\c@Gm@tempcnt=\count286
\Gm@bindingoffset=\dimen151
\Gm@wd@mp=\dimen152
\Gm@odd@mp=\dimen153
\Gm@even@mp=\dimen154
\Gm@layoutwidth=\dimen155
\Gm@layoutheight=\dimen156
\Gm@layouthoffset=\dimen157
\Gm@layoutvoffset=\dimen158
\Gm@dimlist=\toks20
 (C:\Program Files\MiKTeX\tex/latex/geometry\geometry.cfg)) (C:\Program Files\MiKTeX\tex/latex/xcolor\xcolor.sty
Package: xcolor 2024/09/29 v3.02 LaTeX color extensions (UK)
 (C:\Program Files\MiKTeX\tex/latex/graphics-cfg\color.cfg
File: color.cfg 2016/01/02 v1.6 sample color configuration
)
Package xcolor Info: Driver file: pdftex.def on input line 274.
 (C:\Program Files\MiKTeX\tex/latex/graphics-def\pdftex.def
File: pdftex.def 2025/09/29 v1.2d Graphics/color driver for pdftex
) (C:\Program Files\MiKTeX\tex/latex/graphics\mathcolor.ltx)
Package xcolor Info: Model `cmy' substituted by `cmy0' on input line 1349.
Package xcolor Info: Model `hsb' substituted by `rgb' on input line 1353.
Package xcolor Info: Model `RGB' extended on input line 1365.
Package xcolor Info: Model `HTML' substituted by `rgb' on input line 1367.
Package xcolor Info: Model `Hsb' substituted by `hsb' on input line 1368.
Package xcolor Info: Model `tHsb' substituted by `hsb' on input line 1369.
Package xcolor Info: Model `HSB' substituted by `hsb' on input line 1370.
Package xcolor Info: Model `Gray' substituted by `gray' on input line 1371.
Package xcolor Info: Model `wave' substituted by `hsb' on input line 1372.
) (C:\Program Files\MiKTeX\tex/latex/colortbl\colortbl.sty
Package: colortbl 2026/05/01 v1.0l Color table columns (DPC)
 (C:\Program Files\MiKTeX\tex/latex/tools\array.sty
Package: array 2026/02/24 v2.7b Tabular extension package (FMi)
\col@sep=\dimen159
\ar@mcellbox=\box53
\extrarowheight=\dimen160
\NC@list=\toks21
\extratabsurround=\skip51
\backup@length=\skip52
\ar@cellbox=\box54
)
new hooks used!!
\minrowclearance=\skip53
\rownum=\count287
) (C:\Program Files\MiKTeX\tex/latex/tools\longtable.sty
Package: longtable 2026-01-28 v4.27 Multi-page Table package (DPC)
\LTleft=\skip54
\LTright=\skip55
\LTpre=\skip56
\LTpost=\skip57
\LTchunksize=\count288
\LTcapwidth=\dimen161
\LT@head=\box55
\LT@firsthead=\box56
\LT@foot=\box57
\LT@lastfoot=\box58
\LT@gbox=\box59
\LT@cols=\count289
\LT@rows=\count290
\c@LT@tables=\count291
\c@LT@chunks=\count292
\LT@p@ftn=\toks22
) (C:\Program Files\MiKTeX\tex/latex/booktabs\booktabs.sty
Package: booktabs 2020/01/12 v1.61803398 Publication quality tables
\heavyrulewidth=\dimen162
\lightrulewidth=\dimen163
\cmidrulewidth=\dimen164
\belowrulesep=\dimen165
\belowbottomsep=\dimen166
\aboverulesep=\dimen167
\abovetopsep=\dimen168
\cmidrulesep=\dimen169
\cmidrulekern=\dimen170
\defaultaddspace=\dimen171
\@cmidla=\count293
\@cmidlb=\count294
\@aboverulesep=\dimen172
\@belowrulesep=\dimen173
\@thisruleclass=\count295
\@lastruleclass=\count296
\@thisrulewidth=\dimen174
) (C:\Program Files\MiKTeX\tex/latex/ragged2e\ragged2e.sty
Package: ragged2e 2023/06/22 v3.6 ragged2e Package
\CenteringLeftskip=\skip58
\RaggedLeftLeftskip=\skip59
\RaggedRightLeftskip=\skip60
\CenteringRightskip=\skip61
\RaggedLeftRightskip=\skip62
\RaggedRightRightskip=\skip63
\CenteringParfillskip=\skip64
\RaggedLeftParfillskip=\skip65
\RaggedRightParfillskip=\skip66
\JustifyingParfillskip=\skip67
\CenteringParindent=\skip68
\RaggedLeftParindent=\skip69
\RaggedRightParindent=\skip70
\JustifyingParindent=\skip71
) (C:\Program Files\MiKTeX\tex/latex/hyperref\hyperref.sty
Package: hyperref 2026-06-17 v7.01r Hypertext links for LaTeX
 (C:\Program Files\MiKTeX\tex/latex/kvsetkeys\kvsetkeys.sty
Package: kvsetkeys 2022-10-05 v1.19 Key value parser (HO)
) (C:\Program Files\MiKTeX\tex/generic/kvdefinekeys\kvdefinekeys.sty
Package: kvdefinekeys 2019-12-19 v1.6 Define keys (HO)
) (C:\Program Files\MiKTeX\tex/generic/pdfescape\pdfescape.sty
Package: pdfescape 2019/12/09 v1.15 Implements pdfTeX's escape features (HO)
 (C:\Program Files\MiKTeX\tex/generic/ltxcmds\ltxcmds.sty
Package: ltxcmds 2023-12-04 v1.26 LaTeX kernel commands for general use (HO)
) (C:\Program Files\MiKTeX\tex/generic/pdftexcmds\pdftexcmds.sty
Package: pdftexcmds 2020-06-27 v0.33 Utility functions of pdfTeX for LuaTeX (HO)
 (C:\Program Files\MiKTeX\tex/generic/infwarerr\infwarerr.sty
Package: infwarerr 2019/12/03 v1.5 Providing info/warning/error messages (HO)
)
Package pdftexcmds Info: \pdf@primitive is available.
Package pdftexcmds Info: \pdf@ifprimitive is available.
Package pdftexcmds Info: \pdfdraftmode found.
)) (C:\Program Files\MiKTeX\tex/latex/hycolor\hycolor.sty
Package: hycolor 2020-01-27 v1.10 Color options for hyperref/bookmark (HO)
) (C:\Program Files\MiKTeX\tex/latex/hyperref\nameref.sty
Package: nameref 2026-01-29 v2.58 Cross-referencing by name of section
 (C:\Program Files\MiKTeX\tex/latex/refcount\refcount.sty
Package: refcount 2019/12/15 v3.6 Data extraction from label references (HO)
) (C:\Program Files\MiKTeX\tex/generic/gettitlestring\gettitlestring.sty
Package: gettitlestring 2019/12/15 v1.6 Cleanup title references (HO)
 (C:\Program Files\MiKTeX\tex/latex/kvoptions\kvoptions.sty
Package: kvoptions 2022-06-15 v3.15 Key value format for package options (HO)
))
\c@section@level=\count297
) (C:\Program Files\MiKTeX\tex/latex/etoolbox\etoolbox.sty
Package: etoolbox 2025/10/02 v2.5m e-TeX tools for LaTeX (JAW)
\etb@tempcnta=\count298
) (C:\Program Files\MiKTeX\tex/generic/stringenc\stringenc.sty
Package: stringenc 2019/11/29 v1.12 Convert strings between diff. encodings (HO)
)
\@linkdim=\dimen175
\Hy@linkcounter=\count299
\Hy@pagecounter=\count300
 (C:\Program Files\MiKTeX\tex/latex/hyperref\pd1enc.def
File: pd1enc.def 2026-06-17 v7.01r Hyperref: PDFDocEncoding definition (HO)
Now handling font encoding PD1 ...
... no UTF-8 mapping file for font encoding PD1
) (C:\Program Files\MiKTeX\tex/generic/intcalc\intcalc.sty
Package: intcalc 2019/12/15 v1.3 Expandable calculations with integers (HO)
)
\Hy@SavedSpaceFactor=\count301
 (C:\Program Files\MiKTeX\tex/latex/hyperref\puenc.def
File: puenc.def 2026-06-17 v7.01r Hyperref: PDF Unicode definition (HO)
Now handling font encoding PU ...
... no UTF-8 mapping file for font encoding PU
)
Package hyperref Info: Hyper figures OFF on input line 4199.
Package hyperref Info: Link nesting OFF on input line 4204.
Package hyperref Info: Hyper index ON on input line 4207.
Package hyperref Info: Plain pages OFF on input line 4214.
Package hyperref Info: Backreferencing OFF on input line 4219.
Package hyperref Info: Implicit mode ON; LaTeX internals redefined.
Package hyperref Info: Bookmarks ON on input line 4466.
\c@Hy@tempcnt=\count302
 (C:\Program Files\MiKTeX\tex/latex/url\url.sty
\Urlmuskip=\muskip17
Package: url 2013/09/16  ver 3.4  Verb mode for urls, etc.
)
LaTeX Info: Redefining \url on input line 4805.
\XeTeXLinkMargin=\dimen176
 (C:\Program Files\MiKTeX\tex/generic/bitset\bitset.sty
Package: bitset 2019/12/09 v1.3 Handle bit-vector datatype (HO)
 (C:\Program Files\MiKTeX\tex/generic/bigintcalc\bigintcalc.sty
Package: bigintcalc 2019/12/15 v1.5 Expandable calculations on big integers (HO)
))
\Fld@menulength=\count303
\Field@Width=\dimen177
\Fld@charsize=\dimen178
Package hyperref Info: Hyper figures OFF on input line 6091.
Package hyperref Info: Link nesting OFF on input line 6096.
Package hyperref Info: Hyper index ON on input line 6099.
Package hyperref Info: backreferencing OFF on input line 6106.
Package hyperref Info: Link coloring OFF on input line 6111.
Package hyperref Info: Link coloring with OCG OFF on input line 6116.
Package hyperref Info: PDF/A mode OFF on input line 6121.
\Hy@abspage=\count304
\c@Item=\count305
\c@Hfootnote=\count306
)
Package hyperref Info: Driver (autodetected): hpdftex.
 (C:\Program Files\MiKTeX\tex/latex/hyperref\hpdftex.def
File: hpdftex.def 2026-06-17 v7.01r Hyperref driver for pdfTeX
\Fld@listcount=\count307
\c@bookmark@seq@number=\count308
 (C:\Program Files\MiKTeX\tex/latex/rerunfilecheck\rerunfilecheck.sty
Package: rerunfilecheck 2025-06-21 v1.11 Rerun checks for auxiliary files (HO)
 (C:\Program Files\MiKTeX\tex/generic/uniquecounter\uniquecounter.sty
Package: uniquecounter 2019/12/15 v1.4 Provide unlimited unique counter (HO)
)
Package uniquecounter Info: New unique counter `rerunfilecheck' on input line 284.
)
\Hy@SectionHShift=\skip72
) (C:\Program Files\MiKTeX\tex/latex/pdflscape\pdflscape.sty
Package: pdflscape 2022-10-27 v0.13 Display of landscape pages in PDF
 (C:\Program Files\MiKTeX\tex/latex/pdflscape\pdflscape-nometadata.sty
Package: pdflscape-nometadata 2022-10-28 v0.13 Display of landscape pages in PDF (HO)
 (C:\Program Files\MiKTeX\tex/latex/graphics\lscape.sty
Package: lscape 2020/05/28 v3.02 Landscape Pages (DPC)
 (C:\Program Files\MiKTeX\tex/latex/graphics\graphics.sty
Package: graphics 2026-05-17 v1.4h Standard LaTeX Graphics (DPC,SPQR)
 (C:\Program Files\MiKTeX\tex/latex/graphics\trig.sty
Package: trig 2023/12/02 v1.11 sin cos tan (DPC)
) (C:\Program Files\MiKTeX\tex/latex/graphics-cfg\graphics.cfg
File: graphics.cfg 2016/06/04 v1.11 sample graphics configuration
)
Package graphics Info: Driver file: pdftex.def on input line 106.
))
Package pdflscape Info: Auto-detected driver: pdftex on input line 81.
)) (C:\Program Files\MiKTeX\tex/latex/enumitem\enumitem.sty
Package: enumitem 2025/02/06 v3.11 Customized lists
\labelindent=\skip73
\enit@outerparindent=\dimen179
\enit@toks=\toks23
\enit@inbox=\box60
\enit@count@id=\count309
\enitdp@description=\count310
) (C:\Program Files\MiKTeX\tex/latex/l3kernel\l3backend-pdftex.def
File: l3backend-pdftex.def 2026-08-10 L3 backend support: PDF output (pdfTeX)
\l__color_backend_stack_int=\count311
) (WP2_3_software_and_data_comparison.aux)
\openout1 = `WP2_3_software_and_data_comparison.aux'.

LaTeX Font Info:    Checking defaults for OML/cmm/m/it on input line 38.
LaTeX Font Info:    ... okay on input line 38.
LaTeX Font Info:    Checking defaults for OMS/cmsy/m/n on input line 38.
LaTeX Font Info:    ... okay on input line 38.
LaTeX Font Info:    Checking defaults for OT1/cmr/m/n on input line 38.
LaTeX Font Info:    ... okay on input line 38.
LaTeX Font Info:    Checking defaults for T1/cmr/m/n on input line 38.
LaTeX Font Info:    ... okay on input line 38.
LaTeX Font Info:    Checking defaults for TS1/cmr/m/n on input line 38.
LaTeX Font Info:    ... okay on input line 38.
LaTeX Font Info:    Checking defaults for OMX/cmex/m/n on input line 38.
LaTeX Font Info:    ... okay on input line 38.
LaTeX Font Info:    Checking defaults for U/cmr/m/n on input line 38.
LaTeX Font Info:    ... okay on input line 38.
LaTeX Font Info:    Checking defaults for PD1/pdf/m/n on input line 38.
LaTeX Font Info:    ... okay on input line 38.
LaTeX Font Info:    Checking defaults for PU/pdf/m/n on input line 38.
LaTeX Font Info:    ... okay on input line 38.

*geometry* driver: auto-detecting
*geometry* detected driver: pdftex
*geometry* verbose mode - [ preamble ] result:
* driver: pdftex
* paper: a4paper
* layout: <same size as paper>
* layoutoffset:(h,v)=(0.0pt,0.0pt)
* modes: landscape 
* h-part:(L,W,R)=(29.87547pt, 785.2959pt, 29.87547pt)
* v-part:(T,H,B)=(29.87547pt, 537.75693pt, 29.87547pt)
* \paperwidth=845.04684pt
* \paperheight=597.50787pt
* \textwidth=785.2959pt
* \textheight=537.75693pt
* \oddsidemargin=-42.39452pt
* \evensidemargin=-42.39452pt
* \topmargin=-79.39452pt
* \headheight=12.0pt
* \headsep=25.0pt
* \topskip=10.0pt
* \footskip=30.0pt
* \marginparwidth=144.0pt
* \marginparsep=11.0pt
* \columnsep=10.0pt
* \skip\footins=9.0pt plus 4.0pt minus 2.0pt
* \hoffset=0.0pt
* \voffset=0.0pt
* \mag=1000
* \@twocolumnfalse
* \@twosidefalse
* \@mparswitchfalse
* \@reversemarginfalse
* (1in=72.27pt=25.4mm, 1cm=28.453pt)

(C:\Program Files\MiKTeX\tex/context/base/mkii\supp-pdf.mkii
[Loading MPS to PDF converter (version 2006.09.02).]
\scratchcounter=\count312
\scratchdimen=\dimen180
\scratchbox=\box61
\nofMPsegments=\count313
\nofMParguments=\count314
\everyMPshowfont=\toks24
\MPscratchCnt=\count315
\MPscratchDim=\dimen181
\MPnumerator=\count316
\makeMPintoPDFobject=\count317
\everyMPtoPDFconversion=\toks25
) (C:\Program Files\MiKTeX\tex/latex/epstopdf-pkg\epstopdf-base.sty
Package: epstopdf-base 2020-01-24 v2.11 Base part for package epstopdf
Package epstopdf-base Info: Redefining graphics rule for `.eps' on input line 485.
 (C:\Program Files\MiKTeX\tex/latex/00miktex\epstopdf-sys.cfg
File: epstopdf-sys.cfg 2021/03/18 v2.0 Configuration of epstopdf for MiKTeX
))
Package hyperref Info: Link coloring OFF on input line 38.
 (WP2_3_software_and_data_comparison.out) (WP2_3_software_and_data_comparison.out)
\@outlinefile=\write3
\openout3 = `WP2_3_software_and_data_comparison.out'.

LaTeX Font Info:    External font `cmex10' loaded for size
(Font)              <9> on input line 54.
LaTeX Font Info:    External font `cmex10' loaded for size
(Font)              <6> on input line 54.
LaTeX Font Info:    External font `cmex10' loaded for size
(Font)              <5> on input line 54.

Overfull \hbox (11.52563pt too wide) in paragraph at lines 75--75
 []|\T1/cmr/bx/n/10 pandapower| 
 []


Overfull \hbox (21.9467pt too wide) in paragraph at lines 77--77
 []|\T1/cmr/bx/n/10 MATPOWER| 
 []


Overfull \hbox (2.28484pt too wide) in paragraph at lines 86--86
 []|[]\T1/cmr/bx/n/10 PARTIAL[]| 
 []


Overfull \hbox (2.28484pt too wide) in paragraph at lines 86--86
 []|[]\T1/cmr/bx/n/10 PARTIAL[]| 
 []


Overfull \hbox (2.28484pt too wide) in paragraph at lines 94--94
 []|[]\T1/cmr/bx/n/10 PARTIAL[]| 
 []


Overfull \hbox (2.28484pt too wide) in paragraph at lines 98--98
 []|[]\T1/cmr/bx/n/10 PARTIAL[]| 
 []


Overfull \hbox (2.28484pt too wide) in paragraph at lines 98--98
 []|[]\T1/cmr/bx/n/10 PARTIAL[]| 
 []


Overfull \hbox (2.28484pt too wide) in paragraph at lines 102--102
 []|[]\T1/cmr/bx/n/10 PARTIAL[]| 
 []


Overfull \hbox (2.28484pt too wide) in paragraph at lines 106--106
 []|[]\T1/cmr/bx/n/10 PARTIAL[]| 
 []


Overfull \hbox (2.28484pt too wide) in paragraph at lines 110--110
 []|[]\T1/cmr/bx/n/10 PARTIAL[]| 
 []


Underfull \hbox (badness 1005) in paragraph at lines 111--111
[]|\T1/cmr/m/n/10 Relevant for con- 
 []


Overfull \hbox (2.28484pt too wide) in paragraph at lines 114--114
 []|[]\T1/cmr/bx/n/10 PARTIAL[]| 
 []


Overfull \hbox (2.28484pt too wide) in paragraph at lines 126--126
 []|[]\T1/cmr/bx/n/10 PARTIAL[]| 
 []


Overfull \hbox (2.28484pt too wide) in paragraph at lines 130--130
 []|[]\T1/cmr/bx/n/10 PARTIAL[]| 
 []


Overfull \hbox (2.28484pt too wide) in paragraph at lines 130--130
 []|[]\T1/cmr/bx/n/10 PARTIAL[]| 
 []


Overfull \hbox (2.28484pt too wide) in paragraph at lines 130--130
 []|[]\T1/cmr/bx/n/10 PARTIAL[]| 
 []


Overfull \hbox (2.28484pt too wide) in paragraph at lines 130--130
 []|[]\T1/cmr/bx/n/10 PARTIAL[]| 
 []


Overfull \hbox (2.28484pt too wide) in paragraph at lines 134--134
 []|[]\T1/cmr/bx/n/10 PARTIAL[]| 
 []


Underfull \hbox (badness 1342) in paragraph at lines 135--135
[]|\T1/cmr/m/n/10 EAGLE needs a 
 []


Overfull \hbox (2.28484pt too wide) in paragraph at lines 138--138
 []|[]\T1/cmr/bx/n/10 PARTIAL[]| 
 []


Overfull \hbox (2.28484pt too wide) in paragraph at lines 142--142
 []|[]\T1/cmr/bx/n/10 PARTIAL[]| 
 []


Overfull \hbox (2.28484pt too wide) in paragraph at lines 142--142
 []|[]\T1/cmr/bx/n/10 PARTIAL[]| 
 []


Overfull \hbox (2.28484pt too wide) in paragraph at lines 146--146
 []|[]\T1/cmr/bx/n/10 PARTIAL[]| 
 []


Overfull \hbox (2.28484pt too wide) in paragraph at lines 146--146
 []|[]\T1/cmr/bx/n/10 PARTIAL[]| 
 []


Overfull \hbox (2.28484pt too wide) in paragraph at lines 146--146
 []|[]\T1/cmr/bx/n/10 PARTIAL[]| 
 []


Overfull \hbox (2.28484pt too wide) in paragraph at lines 154--154
 []|[]\T1/cmr/bx/n/10 PARTIAL[]| 
 []


Overfull \hbox (2.28484pt too wide) in paragraph at lines 154--154
 []|[]\T1/cmr/bx/n/10 PARTIAL[]| 
 []

[1


{C:/Users/naiar/AppData/Local/MiKTeX/fonts/map/pdftex/pdftex.map}] [2]
Overfull \hbox (23.90388pt too wide) in paragraph at lines 219--219
 []|\T1/cmr/bx/n/10 MapYourGrid 
 []


Overfull \hbox (26.29913pt too wide) in paragraph at lines 221--221
 []|\T1/cmr/bx/n/10 OpenGridMap| 
 []


Overfull \hbox (4.27673pt too wide) in paragraph at lines 227--227
 []|[]\T1/cmr/bx/n/10 PARTIAL[]| 
 []


Overfull \hbox (4.27673pt too wide) in paragraph at lines 231--231
 []|[]\T1/cmr/bx/n/10 PARTIAL[]| 
 []


Overfull \hbox (4.27673pt too wide) in paragraph at lines 231--231
 []|[]\T1/cmr/bx/n/10 PARTIAL[]| 
 []


Overfull \hbox (4.27673pt too wide) in paragraph at lines 235--235
 []|[]\T1/cmr/bx/n/10 PARTIAL[]| 
 []


Overfull \hbox (4.27673pt too wide) in paragraph at lines 235--235
 []|[]\T1/cmr/bx/n/10 PARTIAL[]| 
 []


Overfull \hbox (4.27673pt too wide) in paragraph at lines 235--235
 []|[]\T1/cmr/bx/n/10 PARTIAL[]| 
 []


Overfull \hbox (4.27673pt too wide) in paragraph at lines 235--235
 []|[]\T1/cmr/bx/n/10 PARTIAL[]| 
 []


Overfull \hbox (4.27673pt too wide) in paragraph at lines 235--235
 []|[]\T1/cmr/bx/n/10 PARTIAL[]| 
 []


Overfull \hbox (4.27673pt too wide) in paragraph at lines 235--235
 []|[]\T1/cmr/bx/n/10 PARTIAL[]| 
 []


Overfull \hbox (4.27673pt too wide) in paragraph at lines 243--243
 []|[]\T1/cmr/bx/n/10 PARTIAL[]| 
 []


Overfull \hbox (4.27673pt too wide) in paragraph at lines 251--251
 []|[]\T1/cmr/bx/n/10 PARTIAL[]| 
 []


Overfull \hbox (4.27673pt too wide) in paragraph at lines 255--255
 []|[]\T1/cmr/bx/n/10 PARTIAL[]| 
 []


Overfull \hbox (4.27673pt too wide) in paragraph at lines 255--255
 []|[]\T1/cmr/bx/n/10 PARTIAL[]| 
 []


Overfull \hbox (4.27673pt too wide) in paragraph at lines 259--259
 []|[]\T1/cmr/bx/n/10 PARTIAL[]| 
 []


Overfull \hbox (4.27673pt too wide) in paragraph at lines 259--259
 []|[]\T1/cmr/bx/n/10 PARTIAL[]| 
 []


Overfull \hbox (4.27673pt too wide) in paragraph at lines 259--259
 []|[]\T1/cmr/bx/n/10 PARTIAL[]| 
 []


Overfull \hbox (4.27673pt too wide) in paragraph at lines 259--259
 []|[]\T1/cmr/bx/n/10 PARTIAL[]| 
 []


Underfull \hbox (badness 1067) in paragraph at lines 262--262
[]|\T1/cmr/m/n/10 Thermal / 
 []


Overfull \hbox (4.27673pt too wide) in paragraph at lines 263--263
 []|[]\T1/cmr/bx/n/10 PARTIAL[]| 
 []


Overfull \hbox (4.27673pt too wide) in paragraph at lines 263--263
 []|[]\T1/cmr/bx/n/10 PARTIAL[]| 
 []


Overfull \hbox (4.27673pt too wide) in paragraph at lines 263--263
 []|[]\T1/cmr/bx/n/10 PARTIAL[]| 
 []


Overfull \hbox (4.27673pt too wide) in paragraph at lines 263--263
 []|[]\T1/cmr/bx/n/10 PARTIAL[]| 
 []


Underfull \hbox (badness 1102) in paragraph at lines 264--264
[]|\T1/cmr/m/n/10 A crit-i-cal 
 []


Overfull \hbox (4.27673pt too wide) in paragraph at lines 267--267
 []|[]\T1/cmr/bx/n/10 PARTIAL[]| 
 []


Overfull \hbox (4.27673pt too wide) in paragraph at lines 267--267
 []|[]\T1/cmr/bx/n/10 PARTIAL[]| 
 []


Overfull \hbox (4.27673pt too wide) in paragraph at lines 267--267
 []|[]\T1/cmr/bx/n/10 PARTIAL[]| 
 []


Overfull \hbox (4.27673pt too wide) in paragraph at lines 267--267
 []|[]\T1/cmr/bx/n/10 PARTIAL[]| 
 []


Overfull \hbox (4.27673pt too wide) in paragraph at lines 271--271
 []|[]\T1/cmr/bx/n/10 PARTIAL[]| 
 []


Overfull \hbox (4.27673pt too wide) in paragraph at lines 271--271
 []|[]\T1/cmr/bx/n/10 PARTIAL[]| 
 []


Overfull \hbox (4.27673pt too wide) in paragraph at lines 271--271
 []|[]\T1/cmr/bx/n/10 PARTIAL[]| 
 []


Overfull \hbox (4.27673pt too wide) in paragraph at lines 275--275
 []|[]\T1/cmr/bx/n/10 PARTIAL[]| 
 []


Overfull \hbox (4.27673pt too wide) in paragraph at lines 279--279
 []|[]\T1/cmr/bx/n/10 PARTIAL[]| 
 []


Underfull \hbox (badness 1924) in paragraph at lines 282--282
[]|\T1/cmr/m/n/10 Existing 
 []


Overfull \hbox (4.27673pt too wide) in paragraph at lines 283--283
 []|[]\T1/cmr/bx/n/10 PARTIAL[]| 
 []


Overfull \hbox (4.27673pt too wide) in paragraph at lines 287--287
 []|[]\T1/cmr/bx/n/10 PARTIAL[]| 
 []


Overfull \hbox (4.27673pt too wide) in paragraph at lines 287--287
 []|[]\T1/cmr/bx/n/10 PARTIAL[]| 
 []


Overfull \hbox (4.27673pt too wide) in paragraph at lines 287--287
 []|[]\T1/cmr/bx/n/10 PARTIAL[]| 
 []


Overfull \hbox (4.27673pt too wide) in paragraph at lines 287--287
 []|[]\T1/cmr/bx/n/10 PARTIAL[]| 
 []


Overfull \hbox (1.4302pt too wide) in paragraph at lines 302--302
 []|\T1/cmr/bx/n/10 European 
 []


Overfull \hbox (23.05537pt too wide) in alignment at lines 214--305
 [] [] [] [] [] [] [] [] [] 
 []

[3


] [4] [5] (WP2_3_software_and_data_comparison.aux)
 ***********
LaTeX2e <2026-06-01>
L3 programming layer <2026-08-10>
 ***********
Package rerunfilecheck Info: File `WP2_3_software_and_data_comparison.out' has not changed.
(rerunfilecheck)             Checksum: D41D8CD98F00B204E9800998ECF8427E;0.
 ) 
Here is how much of TeX's memory you used:
 10399 strings out of 467441
 161364 string characters out of 5417700
 662943 words of memory out of 5000000
 39577 multiletter control sequences out of 15000+600000
 637089 words of font info for 56 fonts, out of 8000000 for 9000
 1141 hyphenation exceptions out of 8191
 89i,6n,95p,325b,607s stack positions out of 10000i,1000n,20000p,200000b,200000s
 <C:\Users\naiar\AppData\Local\MiKTeX\fonts/pk/ljfour/jknappen/ec/dpi600\ecti0700.pk> <C:\Users\naiar\AppData\Local\MiKTeX\fonts/pk/ljfour/jknappen/ec/dpi600\ecrm1000.pk> <C:\Users\naiar\AppData\Local\MiKTeX\fonts/pk/ljfour/jknappen/ec/dpi600\ecbx1000.pk> <C:\Users\naiar\AppData\Local\MiKTeX\fonts/pk/ljfour/jknappen/ec/dpi600\ecrm0700.pk> <C:\Users\naiar\AppData\Local\MiKTeX\fonts/pk/ljfour/jknappen/ec/dpi600\ecbx0700.pk> <C:\Users\naiar\AppData\Local\MiKTeX\fonts/pk/ljfour/jknappen/ec/dpi600\ecti0900.pk> <C:\Users\naiar\AppData\Local\MiKTeX\fonts/pk/ljfour/jknappen/ec/dpi600\ecrm0900.pk> <C:\Users\naiar\AppData\Local\MiKTeX\fonts/pk/ljfour/jknappen/ec/dpi600\ecbx0900.pk> <C:\Users\naiar\AppData\Local\MiKTeX\fonts/pk/ljfour/jknappen/ec/dpi600\ecbx1440.pk><C:/Program Files/MiKTeX/fonts/type1/public/amsfonts/cm/cmsy9.pfb>
Output written on WP2_3_software_and_data_comparison.pdf (5 pages, 143853 bytes).
PDF statistics:
 433 PDF objects out of 1000 (max. 8388607)
 8 named destinations out of 1000 (max. 500000)
 1 words of extra memory for PDF output out of 10000 (max. 10000000)

